[    0.000000] Initializing cgroup subsys cpuset
[    0.000000] Initializing cgroup subsys cpu
[    0.000000] Initializing cgroup subsys cpuacct
[    0.000000] Linux version 4.4.0-157-generic (buildd@lgw01-amd64-037) (gcc version 5.4.0 20160609 (Ubuntu 5.4.0-6ubuntu1~16.04.10) ) #185-Ubuntu SMP Tue Jul 23 09:17:01 UTC 2019 (Ubuntu 4.4.0-157.185-generic 4.4.181)
[    0.000000] Command line: BOOT_IMAGE=/boot/vmlinuz-4.4.0-157-generic root=LABEL=cloudimg-rootfs ro console=tty1 console=ttyS0
[    0.000000] KERNEL supported cpus:
[    0.000000]   Intel GenuineIntel
[    0.000000]   AMD AuthenticAMD
[    0.000000]   Centaur CentaurHauls
[    0.000000] [Firmware Bug]: TSC doesn't count with P0 frequency!
[    0.000000] x86/fpu: xstate_offset[2]:  576, xstate_sizes[2]:  256
[    0.000000] x86/fpu: Supporting XSAVE feature 0x01: 'x87 floating point registers'
[    0.000000] x86/fpu: Supporting XSAVE feature 0x02: 'SSE registers'
[    0.000000] x86/fpu: Supporting XSAVE feature 0x04: 'AVX registers'
[    0.000000] x86/fpu: Enabled xstate features 0x7, context size is 832 bytes, using 'standard' format.
[    0.000000] e820: BIOS-provided physical RAM map:
[    0.000000] BIOS-e820: [mem 0x0000000000000000-0x000000000009fbff] usable
[    0.000000] BIOS-e820: [mem 0x000000000009fc00-0x000000000009ffff] reserved
[    0.000000] BIOS-e820: [mem 0x00000000000f0000-0x00000000000fffff] reserved
[    0.000000] BIOS-e820: [mem 0x0000000000100000-0x000000003ffeffff] usable
[    0.000000] BIOS-e820: [mem 0x000000003fff0000-0x000000003fffffff] ACPI data
[    0.000000] BIOS-e820: [mem 0x00000000fec00000-0x00000000fec00fff] reserved
[    0.000000] BIOS-e820: [mem 0x00000000fee00000-0x00000000fee00fff] reserved
[    0.000000] BIOS-e820: [mem 0x00000000fffc0000-0x00000000ffffffff] reserved
[    0.000000] NX (Execute Disable) protection: active
[    0.000000] SMBIOS 2.5 present.
[    0.000000] Hypervisor detected: KVM
[    0.000000] Kernel/User page tables isolation: disabled
[    0.000000] e820: last_pfn = 0x3fff0 max_arch_pfn = 0x400000000
[    0.000000] MTRR: Disabled
[    0.000000] x86/PAT: MTRRs disabled, skipping PAT initialization too.
[    0.000000] CPU MTRRs all blank - virtualized system.
[    0.000000] x86/PAT: Configuration [0-7]: WB  WT  UC- UC  WB  WT  UC- UC  
[    0.000000] found SMP MP-table at [mem 0x0009fff0-0x0009ffff] mapped at [ffff88000009fff0]
[    0.000000] Scanning 1 areas for low memory corruption
[    0.000000] RAMDISK: [mem 0x361ea000-0x370ecfff]
[    0.000000] ACPI: Early table checksum verification disabled
[    0.000000] ACPI: RSDP 0x00000000000E0000 000024 (v02 VBOX  )
[    0.000000] ACPI: XSDT 0x000000003FFF0030 00003C (v01 VBOX   VBOXXSDT 00000001 ASL  00000061)
[    0.000000] ACPI: FACP 0x000000003FFF00F0 0000F4 (v04 VBOX   VBOXFACP 00000001 ASL  00000061)
[    0.000000] ACPI: DSDT 0x000000003FFF0470 0022EA (v02 VBOX   VBOXBIOS 00000002 INTL 20100528)
[    0.000000] ACPI: FACS 0x000000003FFF0200 000040
[    0.000000] ACPI: FACS 0x000000003FFF0200 000040
[    0.000000] ACPI: APIC 0x000000003FFF0240 00005C (v02 VBOX   VBOXAPIC 00000001 ASL  00000061)
[    0.000000] ACPI: SSDT 0x000000003FFF02A0 0001CC (v01 VBOX   VBOXCPUT 00000002 INTL 20100528)
[    0.000000] No NUMA configuration found
[    0.000000] Faking a node at [mem 0x0000000000000000-0x000000003ffeffff]
[    0.000000] NODE_DATA(0) allocated [mem 0x3ffeb000-0x3ffeffff]
[    0.000000] kvm-clock: Using msrs 4b564d01 and 4b564d00
[    0.000000] kvm-clock: cpu 0, msr 0:3ffe3001, primary cpu clock
[    0.000000] kvm-clock: using sched offset of 3406335175 cycles
[    0.000000] clocksource: kvm-clock: mask: 0xffffffffffffffff max_cycles: 0x1cd42e4dffb, max_idle_ns: 881590591483 ns
[    0.000000] Zone ranges:
[    0.000000]   DMA      [mem 0x0000000000001000-0x0000000000ffffff]
[    0.000000]   DMA32    [mem 0x0000000001000000-0x000000003ffeffff]
[    0.000000]   Normal   empty
[    0.000000]   Device   empty
[    0.000000] Movable zone start for each node
[    0.000000] Early memory node ranges
[    0.000000]   node   0: [mem 0x0000000000001000-0x000000000009efff]
[    0.000000]   node   0: [mem 0x0000000000100000-0x000000003ffeffff]
[    0.000000] Initmem setup node 0 [mem 0x0000000000001000-0x000000003ffeffff]
[    0.000000] ACPI: PM-Timer IO Port: 0x4008
[    0.000000] IOAPIC[0]: apic_id 2, version 32, address 0xfec00000, GSI 0-23
[    0.000000] ACPI: INT_SRC_OVR (bus 0 bus_irq 0 global_irq 2 dfl dfl)
[    0.000000] ACPI: INT_SRC_OVR (bus 0 bus_irq 9 global_irq 9 low level)
[    0.000000] Using ACPI (MADT) for SMP configuration information
[    0.000000] smpboot: Allowing 2 CPUs, 0 hotplug CPUs
[    0.000000] PM: Registered nosave memory: [mem 0x00000000-0x00000fff]
[    0.000000] PM: Registered nosave memory: [mem 0x0009f000-0x0009ffff]
[    0.000000] PM: Registered nosave memory: [mem 0x000a0000-0x000effff]
[    0.000000] PM: Registered nosave memory: [mem 0x000f0000-0x000fffff]
[    0.000000] e820: [mem 0x40000000-0xfebfffff] available for PCI devices
[    0.000000] Booting paravirtualized kernel on KVM
[    0.000000] clocksource: refined-jiffies: mask: 0xffffffff max_cycles: 0xffffffff, max_idle_ns: 7645519600211568 ns
[    0.000000] setup_percpu: NR_CPUS:512 nr_cpumask_bits:512 nr_cpu_ids:2 nr_node_ids:1
[    0.000000] PERCPU: Embedded 34 pages/cpu @ffff88003fc00000 s99544 r8192 d31528 u1048576
[    0.000000] Built 1 zonelists in Node order, mobility grouping on.  Total pages: 257912
[    0.000000] Policy zone: DMA32
[    0.000000] Kernel command line: BOOT_IMAGE=/boot/vmlinuz-4.4.0-157-generic root=LABEL=cloudimg-rootfs ro console=tty1 console=ttyS0
[    0.000000] PID hash table entries: 4096 (order: 3, 32768 bytes)
[    0.000000] Memory: 997188K/1048120K available (8618K kernel code, 1335K rwdata, 4032K rodata, 1484K init, 1284K bss, 50932K reserved, 0K cma-reserved)
[    0.000000] SLUB: HWalign=64, Order=0-3, MinObjects=0, CPUs=2, Nodes=1
[    0.000000] Hierarchical RCU implementation.
[    0.000000] 	Build-time adjustment of leaf fanout to 64.
[    0.000000] 	RCU restricting CPUs from NR_CPUS=512 to nr_cpu_ids=2.
[    0.000000] RCU: Adjusting geometry for rcu_fanout_leaf=64, nr_cpu_ids=2
[    0.000000] NR_IRQS:33024 nr_irqs:440 16
[    0.000000] Console: colour VGA+ 80x25
[    0.000000] console [tty1] enabled
[    0.000000] console [ttyS0] enabled
[    0.000000] tsc: Detected 3193.994 MHz processor
[    0.131287] Calibrating delay loop (skipped) preset value.. 6387.98 BogoMIPS (lpj=12775976)
[    0.132850] pid_max: default: 32768 minimum: 301
[    0.133699] ACPI: Core revision 20150930
[    0.135348] ACPI: 2 ACPI AML tables successfully acquired and loaded
[    0.136568] Security Framework initialized
[    0.137329] Yama: becoming mindful.
[    0.138039] AppArmor: AppArmor initialized
[    0.138844] Dentry cache hash table entries: 131072 (order: 8, 1048576 bytes)
[    0.140144] Inode-cache hash table entries: 65536 (order: 7, 524288 bytes)
[    0.142180] Mount-cache hash table entries: 2048 (order: 2, 16384 bytes)
[    0.143437] Mountpoint-cache hash table entries: 2048 (order: 2, 16384 bytes)
[    0.144817] Initializing cgroup subsys io
[    0.145636] Initializing cgroup subsys memory
[    0.146498] Initializing cgroup subsys devices
[    0.147364] Initializing cgroup subsys freezer
[    0.148267] Initializing cgroup subsys net_cls
[    0.149133] Initializing cgroup subsys perf_event
[    0.150031] Initializing cgroup subsys net_prio
[    0.150936] Initializing cgroup subsys hugetlb
[    0.151820] Initializing cgroup subsys pids
[    0.158131] mce: CPU supports 0 MCE banks
[    0.159013] Last level iTLB entries: 4KB 1024, 2MB 1024, 4MB 512
[    0.160152] Last level dTLB entries: 4KB 1536, 2MB 1536, 4MB 768, 1GB 0
[    0.161352] Spectre V2 : Spectre mitigation: LFENCE not serializing, switching to generic retpoline
[    0.163168] Spectre V2 : Mitigation: Full generic retpoline
[    0.164231] Spectre V2 : Spectre v2 / SpectreRSB mitigation: Filling RSB on context switch
[    0.165893] Speculative Store Bypass: Mitigation: Speculative Store Bypass disabled via prctl and seccomp
[    0.170543] Freeing SMP alternatives memory: 36K
[    0.177661] ftrace: allocating 32312 entries in 127 pages
[    0.248260] smpboot: APIC(0) Converting physical 0 to logical package 0
[    0.249520] smpboot: Max logical packages: 1
[    0.250673] x2apic enabled
[    0.251681] Switched APIC routing to physical x2apic.
[    0.253816] ..TIMER: vector=0x30 apic1=0 pin1=2 apic2=-1 pin2=-1
[    0.347240] APIC calibration not consistent with PM-Timer: 96ms instead of 100ms
[    0.348813] APIC delta adjusted to PM-Timer: 6361894 (6115313)
[    0.349975] smpboot: CPU0: AMD Ryzen 7 2700 Eight-Core Processor (family: 0x17, model: 0x8, stepping: 0x2)
[    0.352020] Performance Events: Broken PMU hardware detected, using software events only.
[    0.353751] Failed to access perfctr msr (MSR c0010007 is 0)
[    0.361445] KVM setup paravirtual spinlock
[    0.363011] x86: Booting SMP configuration:
[    0.363882] .... node  #0, CPUs:      #1
[    0.364807] kvm-clock: cpu 1, msr 0:3ffe3041, secondary cpu clock
[    0.371143] mce: CPU supports 0 MCE banks
[    0.373769] x86: Booted up 1 node, 2 CPUs
[    0.374873] smpboot: Total of 2 processors activated (12775.97 BogoMIPS)
[    0.376578] devtmpfs: initialized
[    0.379181] evm: security.selinux
[    0.379982] evm: security.SMACK64
[    0.380738] evm: security.SMACK64EXEC
[    0.381544] evm: security.SMACK64TRANSMUTE
[    0.382453] evm: security.SMACK64MMAP
[    0.383277] evm: security.ima
[    0.384000] evm: security.capability
[    0.385844] clocksource: jiffies: mask: 0xffffffff max_cycles: 0xffffffff, max_idle_ns: 7645041785100000 ns
[    0.387865] futex hash table entries: 512 (order: 3, 32768 bytes)
[    0.389218] pinctrl core: initialized pinctrl subsystem
[    0.390368] RTC time: 14:25:29, date: 10/07/19
[    0.391579] NET: Registered protocol family 16
[    0.404944] cpuidle: using governor ladder
[    0.419572] cpuidle: using governor menu
[    0.420592] PCCT header not found.
[    0.421871] ACPI: bus type PCI registered
[    0.423043] acpiphp: ACPI Hot Plug PCI Controller Driver version: 0.5
[    0.424960] PCI: Using configuration type 1 for base access
[    0.426451] PCI: Using configuration type 1 for extended access
[    0.441865] ACPI: Added _OSI(Module Device)
[    0.442793] ACPI: Added _OSI(Processor Device)
[    0.444129] ACPI: Added _OSI(3.0 _SCP Extensions)
[    0.445108] ACPI: Added _OSI(Processor Aggregator Device)
[    0.446706] ACPI: Executed 1 blocks of module-level executable AML code
[    0.449794] ACPI: Interpreter enabled
[    0.450603] ACPI: (supports S0 S5)
[    0.451464] ACPI: Using IOAPIC for interrupt routing
[    0.452687] PCI: Using host bridge windows from ACPI; if necessary, use "pci=nocrs" and report a bug
[    0.457556] ACPI: PCI Root Bridge [PCI0] (domain 0000 [bus 00-ff])
[    0.458785] acpi PNP0A03:00: _OSC: OS supports [ExtendedConfig ASPM ClockPM Segments MSI]
[    0.461004] acpi PNP0A03:00: _OSC: platform does not support [PCIeCapability]
[    0.462649] acpi PNP0A03:00: _OSC: not requesting control; platform does not support [PCIeCapability]
[    0.464490] acpi PNP0A03:00: _OSC: OS requested [PCIeHotplug PME AER PCIeCapability]
[    0.466140] acpi PNP0A03:00: _OSC: platform willing to grant [PCIeHotplug PME AER]
[    0.467719] acpi PNP0A03:00: _OSC failed (AE_SUPPORT); disabling ASPM
[    0.469500] PCI host bridge to bus 0000:00
[    0.483401] pci_bus 0000:00: root bus resource [io  0x0000-0x0cf7 window]
[    0.484757] pci_bus 0000:00: root bus resource [io  0x0d00-0xffff window]
[    0.486023] pci_bus 0000:00: root bus resource [mem 0x000a0000-0x000bffff window]
[    0.487698] pci_bus 0000:00: root bus resource [mem 0x40000000-0xfdffffff window]
[    0.489276] pci_bus 0000:00: root bus resource [bus 00-ff]
[    0.492155] pci 0000:00:01.1: legacy IDE quirk: reg 0x10: [io  0x01f0-0x01f7]
[    0.493486] pci 0000:00:01.1: legacy IDE quirk: reg 0x14: [io  0x03f6]
[    0.494826] pci 0000:00:01.1: legacy IDE quirk: reg 0x18: [io  0x0170-0x0177]
[    0.496131] pci 0000:00:01.1: legacy IDE quirk: reg 0x1c: [io  0x0376]
[    0.510715] pci 0000:00:07.0: quirk: [io  0x4000-0x403f] claimed by PIIX4 ACPI
[    0.512322] pci 0000:00:07.0: quirk: [io  0x4100-0x410f] claimed by PIIX4 SMB
[    0.521124] ACPI: PCI Interrupt Link [LNKA] (IRQs 5 9 10 *11)
[    0.522845] ACPI: PCI Interrupt Link [LNKB] (IRQs 5 9 *10 11)
[    0.524399] ACPI: PCI Interrupt Link [LNKC] (IRQs 5 *9 10 11)
[    0.525957] ACPI: PCI Interrupt Link [LNKD] (IRQs 5 9 10 *11)
[    0.527506] ACPI: Enabled 2 GPEs in block 00 to 07
[    0.528774] vgaarb: setting as boot device: PCI:0000:00:02.0
[    0.529815] vgaarb: device added: PCI:0000:00:02.0,decodes=io+mem,owns=io+mem,locks=none
[    0.531285] vgaarb: loaded
[    0.531955] vgaarb: bridge control possible 0000:00:02.0
[    0.533208] SCSI subsystem initialized
[    0.534139] ACPI: bus type USB registered
[    0.534986] usbcore: registered new interface driver usbfs
[    0.536082] usbcore: registered new interface driver hub
[    0.537168] usbcore: registered new device driver usb
[    0.538394] PCI: Using ACPI for IRQ routing
[    0.539502] NetLabel: Initializing
[    0.540237] NetLabel:  domain hash size = 128
[    0.541140] NetLabel:  protocols = UNLABELED CIPSOv4
[    0.542000] NetLabel:  unlabeled traffic allowed by default
[    0.543030] amd_nb: Cannot enumerate AMD northbridges
[    0.543987] clocksource: Switched to clocksource kvm-clock
[    0.551324] AppArmor: AppArmor Filesystem Enabled
[    0.552423] pnp: PnP ACPI init
[    0.553887] pnp: PnP ACPI: found 3 devices
[    0.563113] clocksource: acpi_pm: mask: 0xffffff max_cycles: 0xffffff, max_idle_ns: 2085701024 ns
[    0.564940] NET: Registered protocol family 2
[    0.565942] TCP established hash table entries: 8192 (order: 4, 65536 bytes)
[    0.567231] TCP bind hash table entries: 8192 (order: 5, 131072 bytes)
[    0.568427] TCP: Hash tables configured (established 8192 bind 8192)
[    0.569636] UDP hash table entries: 512 (order: 2, 16384 bytes)
[    0.570769] UDP-Lite hash table entries: 512 (order: 2, 16384 bytes)
[    0.571974] NET: Registered protocol family 1
[    0.572878] pci 0000:00:00.0: Limiting direct PCI/PCI transfers
[    0.573999] pci 0000:00:01.0: Activating ISA DMA hang workarounds
[    0.575893] Unpacking initramfs...
[    0.840207] Freeing initrd memory: 15372K
[    0.841264] clocksource: tsc: mask: 0xffffffffffffffff max_cycles: 0x2e0a2027194, max_idle_ns: 440795251394 ns
[    0.843290] platform rtc_cmos: registered platform RTC device (no PNP device found)
[    0.844978] Scanning for low memory corruption every 60 seconds
[    0.846644] audit: initializing netlink subsys (disabled)
[    0.847974] audit: type=2000 audit(1570458334.521:1): initialized
[    0.849767] Initialise system trusted keyring
[    0.851238] HugeTLB registered 2 MB page size, pre-allocated 0 pages
[    0.853512] zbud: loaded
[    0.854737] VFS: Disk quotas dquot_6.6.0
[    0.855851] VFS: Dquot-cache hash table entries: 512 (order 0, 4096 bytes)
[    0.857760] squashfs: version 4.0 (2009/01/31) Phillip Lougher
[    0.859588] fuse init (API version 7.23)
[    0.860650] Key type big_key registered
[    0.861489] Allocating IMA MOK and blacklist keyrings.
[    0.863661] Key type asymmetric registered
[    0.864572] Asymmetric key parser 'x509' registered
[    0.865593] Block layer SCSI generic (bsg) driver version 0.4 loaded (major 249)
[    0.867216] io scheduler noop registered
[    0.868230] io scheduler deadline registered (default)
[    0.869338] io scheduler cfq registered
[    0.870278] pci_hotplug: PCI Hot Plug PCI Core version: 0.5
[    0.871368] pciehp: PCI Express Hot Plug Controller Driver version: 0.4
[    0.872707] ACPI: AC Adapter [AC] (on-line)
[    0.873681] input: Power Button as /devices/LNXSYSTM:00/LNXPWRBN:00/input/input0
[    0.875264] ACPI: Power Button [PWRF]
[    0.876196] input: Sleep Button as /devices/LNXSYSTM:00/LNXSLPBN:00/input/input1
[    0.877751] ACPI: Sleep Button [SLPF]
[    0.878799] GHES: HEST is not enabled!
[    0.879700] Serial: 8250/16550 driver, 32 ports, IRQ sharing enabled
[    0.901534] 00:02: ttyS0 at I/O 0x3f8 (irq = 4, base_baud = 115200) is a 16550A
[    0.905115] Linux agpgart interface v0.103
[    0.907618] loop: module loaded
[    0.908854] scsi host0: ata_piix
[    0.909758] scsi host1: ata_piix
[    0.910491] ata1: PATA max UDMA/33 cmd 0x1f0 ctl 0x3f6 bmdma 0xd000 irq 14
[    0.911610] ata2: PATA max UDMA/33 cmd 0x170 ctl 0x376 bmdma 0xd008 irq 15
[    0.913317] libphy: Fixed MDIO Bus: probed
[    0.914099] tun: Universal TUN/TAP device driver, 1.6
[    0.914996] tun: (C) 1999-2004 Max Krasnyansky <maxk@qualcomm.com>
[    0.916159] PPP generic driver version 2.4.2
[    0.917054] ehci_hcd: USB 2.0 'Enhanced' Host Controller (EHCI) Driver
[    0.918317] ehci-pci: EHCI PCI platform driver
[    0.919181] ehci-platform: EHCI generic platform driver
[    0.920109] ohci_hcd: USB 1.1 'Open' Host Controller (OHCI) Driver
[    0.921251] ohci-pci: OHCI PCI platform driver
[    0.922203] ohci-platform: OHCI generic platform driver
[    0.923164] uhci_hcd: USB Universal Host Controller Interface driver
[    0.924327] i8042: PNP: PS/2 Controller [PNP0303:PS2K,PNP0f03:PS2M] at 0x60,0x64 irq 1,12
[    0.926333] serio: i8042 KBD port at 0x60,0x64 irq 1
[    0.927534] serio: i8042 AUX port at 0x60,0x64 irq 12
[    0.928718] mousedev: PS/2 mouse device common for all mice
[    0.930064] input: AT Translated Set 2 keyboard as /devices/platform/i8042/serio0/input/input2
[    0.932169] rtc_cmos rtc_cmos: rtc core: registered rtc_cmos as rtc0
[    0.933298] rtc_cmos rtc_cmos: alarms up to one day, 114 bytes nvram
[    0.934615] i2c /dev entries driver
[    0.935467] device-mapper: uevent: version 1.0.3
[    0.936525] device-mapper: ioctl: 4.34.0-ioctl (2015-10-28) initialised: dm-devel@redhat.com
[    0.938155] ledtrig-cpu: registered to indicate activity on CPUs
[    0.939772] NET: Registered protocol family 10
[    0.940895] NET: Registered protocol family 17
[    0.941780] Key type dns_resolver registered
[    0.943109] registered taskstats version 1
[    0.943947] Loading compiled-in X.509 certificates
[    0.945405] Loaded X.509 cert 'Build time autogenerated kernel key: 3e01e6df98386236d59670e6b2ed19a044d5324e'
[    0.947270] zswap: loaded using pool lzo/zbud
[    0.950092] Key type trusted registered
[    0.955298] Key type encrypted registered
[    0.956428] AppArmor: AppArmor sha1 policy hashing enabled
[    0.957838] ima: No TPM chip found, activating TPM-bypass!
[    0.959174] ima: Allocated hash algorithm: sha1
[    0.960381] evm: HMAC attrs: 0x1
[    0.961868]   Magic number: 7:409:434
[    0.963117] rtc_cmos rtc_cmos: setting system clock to 2019-10-07 14:25:30 UTC (1570458330)
[    0.965493] BIOS EDD facility v0.16 2004-Jun-25, 0 devices found
[    0.966768] EDD information not available.
[    1.077447] Freeing unused kernel memory: 1484K
[    1.078397] Write protecting the kernel read-only data: 14336k
[    1.079993] Freeing unused kernel memory: 1612K
[    1.081148] Freeing unused kernel memory: 64K
Loading, please wait...
starting version 229
[    1.094579] random: systemd-udevd: uninitialized urandom read (16 bytes read, 3 bits of entropy available)
[    1.095020] random: udevadm: uninitialized urandom read (16 bytes read, 3 bits of entropy available)
[    1.095038] random: udevadm: uninitialized urandom read (16 bytes read, 3 bits of entropy available)
[    1.100302] random: systemd-udevd: uninitialized urandom read (16 bytes read, 3 bits of entropy available)
[    1.102337] random: systemd-udevd: uninitialized urandom read (16 bytes read, 3 bits of entropy available)
[    1.103051] random: udevadm: uninitialized urandom read (16 bytes read, 3 bits of entropy available)
[    1.103098] random: udevadm: uninitialized urandom read (16 bytes read, 3 bits of entropy available)
[    1.103219] random: udevadm: uninitialized urandom read (16 bytes read, 3 bits of entropy available)
[    1.103262] random: udevadm: uninitialized urandom read (16 bytes read, 3 bits of entropy available)
[    1.103305] random: udevadm: uninitialized urandom read (16 bytes read, 3 bits of entropy available)
[    1.147179] e1000: Intel(R) PRO/1000 Network Driver - version 7.3.21-k8-NAPI
[    1.148381] e1000: Copyright (c) 1999-2006 Intel Corporation.
[    1.152998] Fusion MPT base driver 3.04.20
[    1.154174] Copyright (c) 1999-2008 LSI Corporation
[    1.169565] AVX2 version of gcm_enc/dec engaged.
[    1.170581] AES CTR mode by8 optimization enabled
[    1.182722] Fusion MPT SPI Host driver 3.04.20
[    1.478600] input: ImExPS/2 Generic Explorer Mouse as /devices/platform/i8042/serio1/input/input4
[    1.510930] e1000 0000:00:03.0 eth0: (PCI:33MHz:32-bit) 02:46:62:72:a1:53
[    1.512548] e1000 0000:00:03.0 eth0: Intel(R) PRO/1000 Network Connection
[    2.552416] e1000 0000:00:08.0 eth1: (PCI:33MHz:32-bit) 08:00:27:91:0c:d8
[    2.554203] e1000 0000:00:08.0 eth1: Intel(R) PRO/1000 Network Connection
[    2.557882] e1000 0000:00:03.0 enp0s3: renamed from eth0
[    2.559614] mptbase: ioc0: Initiating bringup
[    2.572349] e1000 0000:00:08.0 enp0s8: renamed from eth1
[    2.624269] ioc0: LSI53C1030 A0: Capabilities={Initiator}
[    3.765822] scsi host2: ioc0: LSI53C1030 A0, FwRev=00000000h, Ports=1, MaxQ=256, IRQ=20
[    3.892765] scsi 2:0:0:0: Direct-Access     VBOX     HARDDISK         1.0  PQ: 0 ANSI: 5
[    3.894472] scsi target2:0:0: Beginning Domain Validation
[    3.896928] scsi target2:0:0: Domain Validation skipping write tests
[    3.898137] scsi target2:0:0: Ending Domain Validation
[    3.899266] scsi target2:0:0: asynchronous
[    3.900889] scsi 2:0:1:0: Direct-Access     VBOX     HARDDISK         1.0  PQ: 0 ANSI: 5
[    3.902733] scsi target2:0:1: Beginning Domain Validation
[    3.905207] scsi target2:0:1: Domain Validation skipping write tests
[    3.906408] scsi target2:0:1: Ending Domain Validation
[    3.907530] scsi target2:0:1: asynchronous
[    3.914180] sd 2:0:0:0: [sda] 20971520 512-byte logical blocks: (10.7 GB/10.0 GiB)
[    3.915824] sd 2:0:0:0: Attached scsi generic sg0 type 0
[    3.917122] sd 2:0:0:0: [sda] Write Protect is off
[    3.918325] sd 2:0:0:0: [sda] Incomplete mode parameter data
[    3.919446] sd 2:0:0:0: [sda] Assuming drive cache: write through
[    3.920887] sd 2:0:1:0: [sdb] 20480 512-byte logical blocks: (10.5 MB/10.0 MiB)
[    3.922449] sd 2:0:1:0: Attached scsi generic sg1 type 0
[    3.922807] sd 2:0:1:0: [sdb] Write Protect is off
[    3.922913] sd 2:0:1:0: [sdb] Incomplete mode parameter data
[    3.922915] sd 2:0:1:0: [sdb] Assuming drive cache: write through
[    3.925113]  sda: sda1
[    3.926296] sd 2:0:0:0: [sda] Attached SCSI disk
[    3.926329] sd 2:0:1:0: [sdb] Attached SCSI disk
Begin: Loading essential drivers ... [    5.286822] md: linear personality registered for level -1
[    5.292921] md: multipath personality registered for level -4
[    5.298303] md: raid0 personality registered for level 0
[    5.306087] md: raid1 personality registered for level 1
[    5.384418] raid6: sse2x1   gen()  6197 MB/s
[    5.452806] raid6: sse2x1   xor()  4111 MB/s
[    5.520214] raid6: sse2x2   gen()  8169 MB/s
[    5.588920] raid6: sse2x2   xor()  5479 MB/s
[    5.656017] raid6: sse2x4   gen() 14469 MB/s
[    5.724904] raid6: sse2x4   xor()  7575 MB/s
[    5.792145] raid6: avx2x1   gen() 11954 MB/s
[    5.860276] raid6: avx2x2   gen() 16602 MB/s
[    5.928666] raid6: avx2x4   gen() 11247 MB/s
[    5.929960] raid6: using algorithm avx2x2 gen() 16602 MB/s
[    5.931512] raid6: using avx2x2 recovery algorithm
[    5.934911] xor: automatically using best checksumming function:
[    5.976532]    avx       : 10965.000 MB/sec
[    5.978989] async_tx: api initialized (async)
[    5.995474] md: raid6 personality registered for level 6
[    5.996892] md: raid5 personality registered for level 5
[    5.998068] md: raid4 personality registered for level 4
[    6.008378] md: raid10 personality registered for level 10
done.
Begin: Running /scripts/init-premount ... done.
Begin: Mounting root file system ... Begin: Running /scripts/local-top ... done.
Begin: Running /scripts/local-premount ... [    6.055685] Btrfs loaded
Scanning for Btrfs filesystems
done.
Warning: fsck not present, so skipping root file system
[    6.090918] EXT4-fs (sda1): mounted filesystem with ordered data mode. Opts: (null)
done.
Begin: Running /scripts/local-bottom ... done.
Begin: Running /scripts/init-bottom ... done.
[    6.201783] systemd[1]: systemd 229 running in system mode. (+PAM +AUDIT +SELINUX +IMA +APPARMOR +SMACK +SYSVINIT +UTMP +LIBCRYPTSETUP +GCRYPT +GNUTLS +ACL +XZ -LZ4 +SECCOMP +BLKID +ELFUTILS +KMOD -IDN)
[    6.205007] systemd[1]: Detected virtualization oracle.
[    6.205986] systemd[1]: Detected architecture x86-64.

Welcome to [1mUbuntu 16.04.6 LTS[0m!

[    6.211369] systemd[1]: Set hostname to <ubuntu-xenial>.
[    6.352853] systemd[1]: Listening on udev Kernel Socket.
[[0;32m  OK  [0m] Listening on udev Kernel Socket.
[    6.355499] systemd[1]: Started Forward Password Requests to Wall Directory Watch.
[[0;32m  OK  [0m] Started Forward Password Requests to Wall Directory Watch.
[    6.358530] systemd[1]: Listening on Journal Audit Socket.
[[0;32m  OK  [0m] Listening on Journal Audit Socket.
[    6.360825] systemd[1]: Listening on Journal Socket (/dev/log).
[[0;32m  OK  [0m] Listening on Journal Socket (/dev/log).
[    6.363117] systemd[1]: Reached target Swap.
[[0;32m  OK  [0m] Reached target Swap.
[    6.365013] systemd[1]: Listening on Syslog Socket.
[[0;32m  OK  [0m] Listening on Syslog Socket.
[    6.366980] systemd[1]: Reached target User and Group Name Lookups.
[[0;32m  OK  [0m] Reached target User and Group Name Lookups.
[    6.369375] systemd[1]: Listening on Device-mapper event daemon FIFOs.
[[0;32m  OK  [0m] Listening on Device-mapper event daemon FIFOs.
[    6.372017] systemd[1]: Created slice System Slice.
[[0;32m  OK  [0m] Created slice System Slice.
[    6.374134] systemd[1]: Listening on LVM2 metadata daemon socket.
[[0;32m  OK  [0m] Listening on LVM2 metadata daemon socket.
[    6.376412] systemd[1]: Started Trigger resolvconf update for networkd DNS.
[[0;32m  OK  [0m] Started Trigger resolvconf update for networkd DNS.
[    6.378961] systemd[1]: Listening on LVM2 poll daemon socket.
[[0;32m  OK  [0m] Listening on LVM2 poll daemon socket.
[    6.381221] systemd[1]: Reached target System Time Synchronized.
[[0;32m  OK  [0m] Reached target System Time Synchronized.
[    6.383807] systemd[1]: Set up automount Arbitrary Executable File Formats File System Automount Point.
[[0;32m  OK  [0m] Set up automount Arbitrary Executab...ats File System Automount Point.
[    6.387353] systemd[1]: Listening on /dev/initctl Compatibility Named Pipe.
[[0;32m  OK  [0m] Listening on /dev/initctl Compatibility Named Pipe.
[    6.391665] systemd[1]: Created slice User and Session Slice.
[[0;32m  OK  [0m] Created slice User and Session Slice.
[    6.395158] systemd[1]: Reached target Slices.
[[0;32m  OK  [0m] Reached target Slices.
[    6.398060] systemd[1]: Reached target Encrypted Volumes.
[[0;32m  OK  [0m] Reached target Encrypted Volumes.
[    6.401285] systemd[1]: Created slice system-serial\x2dgetty.slice.
[[0;32m  OK  [0m] Created slice system-serial\x2dgetty.slice.
[    6.403746] systemd[1]: Listening on Journal Socket.
[[0;32m  OK  [0m] Listening on Journal Socket.
[    6.420435] systemd[1]: Mounting POSIX Message Queue File System...
         Mounting POSIX Message Queue File System...
[    6.424350] systemd[1]: Starting Monitoring of LVM2 mirrors, snapshots etc. using dmeventd or progress polling...
         Starting Monitoring of LVM2 mirrors... dmeventd or progress polling...
[    6.430304] systemd[1]: Starting Remount Root and Kernel File Systems...
         Starting Remount Root and Kernel File Systems...
[    6.435394] EXT4-fs (sda1): re-mounted. Opts: (null)
[    6.438175] systemd[1]: Starting Uncomplicated firewall...
         Starting Uncomplicated firewall...
[    6.444500] systemd[1]: Starting Set console keymap...
         Starting Set console keymap...
[    6.450741] systemd[1]: Starting Load Kernel Modules...
         Starting Load Kernel Modules...
[    6.457149] systemd[1]: Mounting Debug File System...
         Mounting Debug File System...
[    6.461620] systemd[1]: Mounting Huge Pages File System...
         Mounting Huge Pages File System...
[    6.465146] systemd[1]: Starting Create list of required static device nodes for the current kernel...
         Starting Create list of required st... nodes for the current kernel...
[    6.471667] systemd[1]: Starting Journal Service...
         Starting Journal Service...
[    6.473920] systemd[1]: Listening on udev Control Socket.
[[0;32m  OK  [0m] Listening on udev Control Socket.
[    6.477265] systemd[1]: Starting Nameserver information manager...
         Starting Nameserver information manager...
[    6.482244] systemd[1]: Mounted Debug File System.
[[0;32m  OK  [0m] Mounted Debug File System.
[    6.484704] systemd[1]: Mounted POSIX Message Queue File System.
[[0;32m  OK  [0m] Mounted POSIX Message Queue File System.
[    6.487043] systemd[1]: Mounted Huge Pages File System.
[[0;32m  OK  [0m] Mounted Huge Pages File System.
[    6.491363] systemd[1]: Started Remount Root and Kernel File Systems.
[[0;32m  OK  [0m] Started Remount Root and Kernel File Systems.
[    6.494820] systemd[1]: Started Uncomplicated firewall.
[[0;32m  OK  [0m] Started Uncomplicated firewall.
[    6.497021] Loading iSCSI transport class v2.0-870.
[    6.497884] systemd[1]: Started Create list of required static device nodes for the current kernel.
[[0;32m  OK  [0m] Started Create list of required sta...ce nodes for the current kernel.
[    6.509666] systemd[1]: Started Nameserver information manager.
[[0;32m  OK  [0m] Started Nameserver information manager.
[    6.551586] iscsi: registered transport (tcp)
[    6.557327] systemd[1]: Started Set console keymap.
[[0;32m  OK  [0m] Started Set console keymap.
[    6.562726] systemd[1]: Started Journal Service.
[[0;32m  OK  [0m] Started Journal Service.
[[0;32m  OK  [0m] Started LVM2 metadata daemon.
         Starting Create Static Device Nodes in /dev...
[    6.604588] iscsi: registered transport (iser)
         Starting udev Coldplug all Devices...
         Starting Load/Save Random Seed...
         Starting Flush Journal to Persistent Storage...
[[0;32m  OK  [0m] Started Load Kernel Modules.
[[0;32m  OK  [0m] Started Load/Save Random Seed.
[    6.641756] random: nonblocking pool is initialized
[[0;32m  OK  [0m] Started Create Static Device Nodes in /dev.
[    6.649539] systemd-journald[418]: Received request to flush runtime journal from PID 1
         Starting udev Kernel Device Manager...
         Mounting FUSE Control File System...
         Starting Apply Kernel Variables...
[[0;32m  OK  [0m] Mounted FUSE Control File System.
[[0;32m  OK  [0m] Started Flush Journal to Persistent Storage.
[[0;32m  OK  [0m] Started Apply Kernel Variables.
[[0;32m  OK  [0m] Started udev Coldplug all Devices.
[[0;32m  OK  [0m] Started udev Kernel Device Manager.
[[0;32m  OK  [0m] Started Dispatch Password Requests to Console Directory Watch.
[[0;32m  OK  [0m] Started Monitoring of LVM2 mirrors,...ng dmeventd or progress polling.
[[0;32m  OK  [0m] Reached target Local File Systems (Pre).
[[0;32m  OK  [0m] Reached target Local File Systems.
         Starting LSB: AppArmor initialization...
         Starting Set console font and keymap...
         Starting Create Volatile Files and Directories...
         Starting Initial cloud-init job (pre-networking)...
         Starting Tell Plymouth To Write Out Runtime Data...
[[0;32m  OK  [0m] Started Tell Plymouth To Write Out Runtime Data.
[[0;32m  OK  [0m] Started Create Volatile Files and Directories.
[[0;32m  OK  [0m] Found device /dev/ttyS0.
[[0;32m  OK  [0m] Started LSB: AppArmor initialization.
[[0;32m  OK  [0m] Listening on Load/Save RF Kill Switch Status /dev/rfkill Watch.
         Starting Update UTMP about System Boot/Shutdown...
[[0;32m  OK  [0m] Started Update UTMP about System Boot/Shutdown.
[[0;32m  OK  [0m] Found device 82540EM Gigabit Ethern...r (PRO/1000 MT Desktop Adapter).
[[0;32m  OK  [0m] Found device 82540EM Gigabit Ethern...r (PRO/1000 MT Desktop Adapter).
[    7.830679] cloud-init[522]: Cloud-init v. 19.1-1-gbaa47854-0ubuntu1~16.04.1 running 'init-local' at Mon, 07 Oct 2019 14:25:37 +0000. Up 7.50 seconds.
[[0;32m  OK  [0m] Started Initial cloud-init job (pre-networking).
[[0;32m  OK  [0m] Reached target Network (Pre).
         Starting Raise network interfaces...
[[0;32m  OK  [0m] Started ifup for enp0s8.
[[0;32m  OK  [0m] Started ifup for enp0s3.
[[0;32m  OK  [0m] Started Set console font and keymap.
[[0;32m  OK  [0m] Created slice system-getty.slice.
[[0;32m  OK  [0m] Started Raise network interfaces.
[[0;32m  OK  [0m] Reached target Network.
         Starting Initial cloud-init job (metadata service crawler)...
[    9.028320] cloud-init[1103]: Cloud-init v. 19.1-1-gbaa47854-0ubuntu1~16.04.1 running 'init' at Mon, 07 Oct 2019 14:25:38 +0000. Up 8.73 seconds.
[    9.030353] cloud-init[1103]: ci-info: ++++++++++++++++++++++++++++++++++++++Net device info++++++++++++++++++++++++++++++++++++++
[    9.032778] cloud-init[1103]: ci-info: +--------+------+----------------------------+---------------+--------+-------------------+
[    9.035515] cloud-init[1103]: ci-info: | Device |  Up  |          Address           |      Mask     | Scope  |     Hw-Address    |
[    9.037652] cloud-init[1103]: ci-info: +--------+------+----------------------------+---------------+--------+-------------------+
[    9.039462] cloud-init[1103]: ci-info: | enp0s3 | True |         10.0.2.15          | 255.255.255.0 | global | 02:46:62:72:a1:53 |
[    9.041225] cloud-init[1103]: ci-info: | enp0s3 | True | fe80::46:62ff:fe72:a153/64 |       .       |  link  | 02:46:62:72:a1:53 |
[    9.042918] cloud-init[1103]: ci-info: | enp0s8 | True |       192.168.33.10        | 255.255.255.0 | global | 08:00:27:91:0c:d8 |
[    9.044664] cloud-init[1103]: ci-info: | enp0s8 | True | fe80::a00:27ff:fe91:cd8/64 |       .       |  link  | 08:00:27:91:0c:d8 |
[    9.046388] cloud-init[1103]: ci-info: |   lo   | True |         127.0.0.1          |   255.0.0.0   |  host  |         .         |
[    9.048157] cloud-init[1103]: ci-info: |   lo   | True |          ::1/128           |       .       |  host  |         .         |
[    9.050298] cloud-init[1103]: ci-info: +--------+------+----------------------------+---------------+--------+-------------------+
[    9.052281] cloud-init[1103]: ci-info: ++++++++++++++++++++++++++++Route IPv4 info++++++++++++++++++++++++++++
[    9.053683] cloud-init[1103]: ci-info: +-------+--------------+----------+---------------+-----------+-------+
[    9.055246] cloud-init[1103]: ci-info: | Route | Destination  | Gateway  |    Genmask    | Interface | Flags |
[    9.056930] cloud-init[1103]: ci-info: +-------+--------------+----------+---------------+-----------+-------+
[    9.058627] cloud-init[1103]: ci-info: |   0   |   0.0.0.0    | 10.0.2.2 |    0.0.0.0    |   enp0s3  |   UG  |
[    9.060250] cloud-init[1103]: ci-info: |   1   |   10.0.2.0   | 0.0.0.0  | 255.255.255.0 |   enp0s3  |   U   |
[    9.062084] cloud-init[1103]: ci-info: |   2   | 192.168.33.0 | 0.0.0.0  | 255.255.255.0 |   enp0s8  |   U   |
[    9.063794] cloud-init[1103]: ci-info: +-------+--------------+----------+---------------+-----------+-------+
[    9.065470] cloud-init[1103]: ci-info: +++++++++++++++++++Route IPv6 info+++++++++++++++++++
[    9.066991] cloud-init[1103]: ci-info: +-------+-------------+---------+-----------+-------+
[    9.068985] cloud-init[1103]: ci-info: | Route | Destination | Gateway | Interface | Flags |
[    9.071021] cloud-init[1103]: ci-info: +-------+-------------+---------+-----------+-------+
[    9.072983] cloud-init[1103]: ci-info: |   0   |  fe80::/64  |    ::   |   enp0s8  |   U   |
[    9.074819] cloud-init[1103]: ci-info: |   1   |  fe80::/64  |    ::   |   enp0s3  |   U   |
[    9.076768] cloud-init[1103]: ci-info: |   4   |   ff00::/8  |    ::   |   enp0s8  |   U   |
[    9.078709] cloud-init[1103]: ci-info: |   5   |   ff00::/8  |    ::   |   enp0s3  |   U   |
[    9.080647] cloud-init[1103]: ci-info: +-------+-------------+---------+-----------+-------+
[[0;32m  OK  [0m] Started Initial cloud-init job (metadata service crawler).
[[0;32m  OK  [0m] Reached target Cloud-config availability.
[[0;32m  OK  [0m] Reached target System Initialization.
[[0;32m  OK  [0m] Listening on D-Bus System Message Bus Socket.
[[0;32m  OK  [0m] Listening on UUID daemon activation socket.
[[0;32m  OK  [0m] Started Daily Cleanup of Temporary Directories.
[[0;32m  OK  [0m] Started Daily apt download activities.
[[0;32m  OK  [0m] Started Daily apt upgrade and clean activities.
[[0;32m  OK  [0m] Reached target Timers.
         Starting Socket activation for snappy daemon.
[[0;32m  OK  [0m] Started ACPI Events Check.
[[0;32m  OK  [0m] Reached target Paths.
         Starting LXD - unix socket.
[[0;32m  OK  [0m] Listening on ACPID Listen Socket.
[[0;32m  OK  [0m] Reached target Network is Online.
         Starting iSCSI initiator daemon (iscsid)...
[[0;32m  OK  [0m] Listening on Socket activation for snappy daemon.
[[0;32m  OK  [0m] Listening on LXD - unix socket.
[[0;32m  OK  [0m] Started iSCSI initiator daemon (iscsid).
         Starting Login to default iSCSI targets...
[[0;32m  OK  [0m] Reached target Sockets.
[[0;32m  OK  [0m] Reached target Basic System.
         Starting System Logging Service...
         Starting A high performance web server and a reverse proxy server...
[[0;32m  OK  [0m] Started Regular background program processing daemon.
         Starting LSB: Record successful boot for GRUB...
         Starting Virtualbox guest utils...
         Starting LSB: MD monitoring daemon...
[[0;32m  OK  [0m] Started ACPI event daemon.
         Starting Snappy daemon...
         Starting Login Service...
[[0;32m  OK  [0m] Started FUSE filesystem for LXC.
         Starting Accounts Service...
         Starting The PHP 7.0 FastCGI Process Manager...
         Starting LXD - container startup/shutdown...
         Starting MySQL Community Server...
         Starting /etc/rc.local Compatibility...
[[0;32m  OK  [0m] Started D-Bus System Message Bus.
[[0;32m  OK  [0m] Started Deferred execution scheduler.
         Starting OpenBSD Secure Shell server...
[[0;32m  OK  [0m] Started System Logging Service.
[[0;32m  OK  [0m] Started /etc/rc.local Compatibility.
[[0;32m  OK  [0m] Started Login to default iSCSI targets.
[[0;32m  OK  [0m] Started OpenBSD Secure Shell server.
[[0;32m  OK  [0m] Started LSB: Record successful boot for GRUB.
[[0;32m  OK  [0m] Started A high performance web server and a reverse proxy server.
[[0;32m  OK  [0m] Started LSB: MD monitoring daemon.
[[0;32m  OK  [0m] Started LXD - container startup/shutdown.
[[0;32m  OK  [0m] Started Login Service.
[[0;32m  OK  [0m] Started Unattended Upgrades Shutdown.
         Starting Authenticate and Authorize Users to Run Privileged Tasks...
[[0;32m  OK  [0m] Reached target Remote File Systems (Pre).
[[0;32m  OK  [0m] Reached target Remote File Systems.
         Starting LSB: daemon to balance interrupts for SMP systems...
         Starting Permit User Sessions...
         Starting LSB: automatic crash report generation...
         Starting LSB: Set the CPU Frequency Scaling governor to "ondemand"...
[[0;32m  OK  [0m] Started Virtualbox guest utils.
[[0;32m  OK  [0m] Started Permit User Sessions.
         Starting Terminate Plymouth Boot Screen...
         Starting Hold until boot process finishes up...
[[0;32m  OK  [0m] Started Hold until boot process finishes up.
[[0;32m  OK  [0m] Started Snappy daemon.
[[0;32m  OK  [0m] Started Terminate Plymouth Boot Screen.
[[0;32m  OK  [0m] Started Authenticate and Authorize Users to Run Privileged Tasks.
[[0;32m  OK  [0m] Started Accounts Service.
[[0;32m  OK  [0m] Started LSB: Set the CPU Frequency Scaling governor to "ondemand".
         Starting Wait until snapd is fully seeded...
[[0;32m  OK  [0m] Started Serial Getty on ttyS0.
[[0;32m  OK  [0m] Started Getty on tty1.
[[0;32m  OK  [0m] Reached target Login Prompts.
         Starting Set console scheme...
[[0;32m  OK  [0m] Started LSB: daemon to balance interrupts for SMP systems.
[[0;32m  OK  [0m] Started LSB: automatic crash report generation.
[[0;32m  OK  [0m] Started Set console scheme.
[[0;32m  OK  [0m] Started Wait until snapd is fully seeded.
         Starting Apply the settings specified in cloud-config...
[[0;32m  OK  [0m] Started The PHP 7.0 FastCGI Process Manager.
[[0;32m  OK  [0m] Started MySQL Community Server.
[[0;32m  OK  [0m] Reached target Multi-User System.
[[0;32m  OK  [0m] Reached target Graphical Interface.
         Starting Update UTMP about System Runlevel Changes...
[[0;32m  OK  [0m] Started Update UTMP about System Runlevel Changes.
[   10.560124] cloud-init[1407]: Cloud-init v. 19.1-1-gbaa47854-0ubuntu1~16.04.1 running 'modules:config' at Mon, 07 Oct 2019 14:25:40 +0000. Up 10.40 seconds.
[[0;32m  OK  [0m] Started Apply the settings specified in cloud-config.
         Starting Execute cloud user/final scripts...
[   11.263238] cloud-init[1453]: Cloud-init v. 19.1-1-gbaa47854-0ubuntu1~16.04.1 running 'modules:final' at Mon, 07 Oct 2019 14:25:40 +0000. Up 11.06 seconds.
[   11.265955] cloud-init[1453]: Cloud-init v. 19.1-1-gbaa47854-0ubuntu1~16.04.1 finished at Mon, 07 Oct 2019 14:25:41 +0000. Datasource DataSourceNoCloud [seed=/dev/sdb][dsmode=net].  Up 11.25 seconds
[[0;32m  OK  [0m] Started Execute cloud user/final scripts.
[[0;32m  OK  [0m] Reached target Cloud-init target.
         Starting Daily apt download activities...
[[0;32m  OK  [0m] Created slice User Slice of vagrant.
         Starting User Manager for UID 1000...
[[0;32m  OK  [0m] Started Session 1 of user vagrant.
[[0;32m  OK  [0m] Started User Manager for UID 1000.

Ubuntu 16.04.6 LTS ubuntu-xenial ttyS0

ubuntu-xenial login:          Stopping ACPI event daemon...
         Stopping Authenticate and Authorize Users to Run Privileged Tasks...
[[0;32m  OK  [0m] Stopped target Cloud-init target.
[[0;32m  OK  [0m] Stopped Execute cloud user/final scripts.
[[0;32m  OK  [0m] Stopped Apply the settings specified in cloud-config.
         Stopping Session 8 of user vagrant.
[[0;32m  OK  [0m] Stopped target Cloud-config availability.
         Stopping User Manager for UID 1000...
[[0;32m  OK  [0m] Stopped target Graphical Interface.
         Stopping Accounts Service...
[[0;32m  OK  [0m] Stopped target Multi-User System.
         Stopping LSB: Set the CPU Frequency Scaling governor to "ondemand"...
         Stopping A high performance web server and a reverse proxy server...
         Stopping LSB: Record successful boot for GRUB...
         Stopping Unattended Upgrades Shutdown...
[[0;32m  OK  [0m] Stopped Wait until snapd is fully seeded.
         Stopping MySQL Community Server...
         Stopping FUSE filesystem for LXC...
         Stopping System Logging Service...
         Stopping The PHP 7.0 FastCGI Process Manager...
         Stopping Virtualbox guest utils...
         Stopping LSB: automatic crash report generation...
         Stopping LSB: MD monitoring daemon...
[[0;32m  OK  [0m] Stopped target Login Prompts.
         Stopping Serial Getty on ttyS0...
         Stopping LXD - container startup/shutdown...
         Stopping Getty on tty1...
         Stopping Defe         Stopping OpenBSD Secure Shell server...
         Stopping D-Bus System Message Bus...
[[0;32m  OK  [0m] Stopped target Timers.
[[0;32m  OK  [0m] Stopped Daily apt upgrade and clean activities.
[[0;32m  OK  [0m] Stopped Daily Cleanup of Temporary Directories.
[[0;32m  OK  [0m] Stopped Daily apt download activities.
[[0;32m  OK  [0m] Stopped target System Time Synchronized.
         Stopping Regular background program processing daemon...
[[0;32m  OK  [0m] Closed Load/Save RF Kill Switch Status /dev/rfkill Watch.
         Stopping LSB: daemon to balance interrupts for SMP systems...
[[0;32m  OK  [0m] Unmounted /var/lib/lxcfs.
[[0;32m  OK  [0m] Stopped System Logging Service.
[[0;32m  OK  [0m] Stopped Regular background program processing daemon.
[[0;32m  OK  [0m] Stopped ACPI event daemon.
[[0;32m  OK  [0m] Stopped Accounts Service.
[[0;32m  OK  [0m] Stopped Deferred execution scheduler.
[[0;32m  OK  [0m] Stopped OpenBSD Secure Shell server.
[[0;32m  OK  [0m] Stopped Unattended Upgrades Shutdown.
[[0;32m  OK  [0m] Stopped Authenticate and Authorize Users to Run Privileged Tasks.
[[0;32m  OK  [0m] Stopped Serial Getty on ttyS0.
[[0;32m  OK  [0m] Stopped Getty on tty1.
[[0;32m  OK  [0m] Stopped The PHP 7.0 FastCGI Process Manager.
[[0;32m  OK  [0m] Stopped User Manager for UID 1000.
[[0;32m  OK  [0m] Stopped Session 8 of user vagrant.
[[0;32m  OK  [0m] Stopped A high performance web server and a reverse proxy server.
[[0;32m  OK  [0m] Stopped D-Bus System Message Bus.
[[0;32m  OK  [0m] Stopped FUSE filesystem for LXC.
[[0;32m  OK  [0m] Stopped LXD - container startup/shutdown.
[[0;32m  OK  [0m] Stopped LSB: MD monitoring daemon.
[[0;32m  OK  [0m] Stopped LSB: Set the CPU Frequency Scaling governor to "ondemand".
[[0;32m  OK  [0m] Stopped LSB: daemon to balance interrupts for SMP systems.
[[0;32m  OK  [0m] Stopped LSB: Record successful boot for GRUB.
[[0;32m  OK  [0m] Stopped Virtualbox guest utils.
[[0;32m  OK  [0m] Stopped LSB: automatic crash report generation.
[[0;32m  OK  [0m] Removed slice User Slice of vagrant.
[[0;32m  OK  [0m] Removed slice system-getty.slice.
[[0;32m  OK  [0m] Removed slice system-serial\x2dgetty.slice.
[[0;32m  OK  [0m] Stopped /etc/rc.local Compatibility.
         Stopping Permit User Sessions...
         Stopping Login Service...
[[0;32m  OK  [0m] Stopped Permit User Sessions.
[[0;32m  OK  [0m] Stopped target Remote File Systems.
[[0;32m  OK  [0m] Stopped target Remote File Systems (Pre).
         Stopping Login to default iSCSI targets...
[[0;32m  OK  [0m] Stopped Login to default iSCSI targets.
         Stopping iSCSI initiator daemon (iscsid)...
[[0;32m  OK  [0m] Stopped iSCSI initiator daemon (iscsid).
[[0;32m  OK  [0m] Stopped target Network is Online.
[[0;32m  OK  [0m] Stopped Login Service.
[[0;32m  OK  [0m] Stopped target User and Group Name Lookups.
[[0;32m  OK  [0m] Stopped MySQL Community Server.
[[0;32m  OK  [0m] Stopped target Basic System.
[[0;32m  OK  [0m] Stopped target Slices.
[[0;32m  OK  [0m] Removed slice User and Session Slice.
[[0;32m  OK  [0m] Stopped target Sockets.
[[0;32m  OK  [0m] Closed D-Bus System Message Bus Socket.
[[0;32m  OK  [0m] Closed UUID daemon activation socket.
[[0;32m  OK  [0m] Closed ACPID Listen Socket.
[[0;32m  OK  [0m] Closed Syslog Socket.
[[0;32m  OK  [0m] Closed Socket activation for snappy daemon.
[[0;32m  OK  [0m] Closed LXD - unix socket.
[[0;32m  OK  [0m] Stopped target Paths.
[[0;32m  OK  [0m] Stopped Dispatch Password Requests to Console Directory Watch.
[[0;32m  OK  [0m] Stopped Forward Password Requests to Wall Directory Watch.
[[0;32m  OK  [0m] Stopped ACPI Events Check.
[[0;32m  OK  [0m] Stopped target System Initialization.
[[0;32m  OK  [0m] Stopped target Encrypted Volumes.
         Stopping Update UTMP about System Boot/Shutdown...
         Stopping Load/Save Random Seed...
[[0;32m  OK  [0m] Stopped target Swap.
[[0;32m  OK  [0m] Stopped Initial cloud-init job (metadata service crawler).
[[0;32m  OK  [0m] Stopped target Network.
         Stopping Raise network interfaces...
[[0;32m  OK  [0m] Stopped Load/Save Random Seed.
[[0;32m  OK  [0m] Stopped Update UTMP about System Boot/Shutdown.
[[0;32m  OK  [0m] Stopped Create Volatile Files and Directories.
[[0;32m  OK  [0m] Stopped Raise network interfaces.
[[0;32m  OK  [0m] Stopped Apply Kernel Variables.
[[0;32m  OK  [0m] Stopped target Local File Systems.
         Unmounting /var/www...
         Unmounting /run/user/1000...
[[0;32m  OK  [0m] Stopped Load Kernel Modules.
[[0;32m  OK  [0m] Stopped target Network (Pre).
[[0;32m  OK  [0m] Stopped Initial cloud-init job (pre-networking).
[[0;32m  OK  [0m] Unmounted /run/user/1000.
[[0;32m  OK  [0m] Unmounted /var/www.
[[0;32m  OK  [0m] Reached target Unmount All Filesystems.
[[0;32m  OK  [0m] Stopped target Local File Systems (Pre).
[[0;32m  OK  [0m] Stopped Create Static Device Nodes in /dev.
         Stopping Monitoring of LVM2 mirrors... dmeventd or progress polling...
[[0;32m  OK  [0m] Stopped Remount Root and Kernel File Systems.
[[0;32m  OK  [0m] Reached target Shutdown.
[ 6415.598732] reboot: Power down
